# End time: 22:57:37 on Apr 06,2026, Elapsed time: 0:03:22
# Errors: 0, Warnings: 1
# vsim -voptargs="+acc" work.tb_uart_regfile -classdebug -coverage -onfinish stop "+TEST=tc_09_busy" -do "
#         do scripts/waveform.do
#         run -all;
#         coverage save ${TESTNAME}_code_cov.ucdb -codeAll -instance dut_uart_regfile
#         coverage save ${TESTNAME}_func_cov.ucdb -cvg -directive -assert
#      " 
# Start time: 22:57:38 on Apr 06,2026
# ** Note: (vsim-3813) Design is being optimized due to module recompilation...
# Loading sv_std.std
# Loading work.common_pkg_uart_regfile(fast)
# Loading work.tasks_pkg_uart_reg_file(fast)
# Loading work.cov_pkg_uart_regfile(fast)
# Loading work.tb_uart_regfile_sv_unit(fast)
# Loading work.tb_uart_regfile(fast)
# Loading work.uart_regfile(fast)
# Loading work.asser_uart_regfile(fast)
# 
#         do scripts/waveform.do
#         run -all
# ==================================================
#  Running TEST = tc_09_busy
# ==================================================
# TEST tc_09_busy DONE
# ** Note: $stop    : tb/tb_uart_regfile.sv(70)
#    Time: 28 ns  Iteration: 1  Instance: /tb_uart_regfile
# Break in Module tb_uart_regfile at tb/tb_uart_regfile.sv line 70
# 
#         coverage save ${TESTNAME}_code_cov.ucdb -codeAll -instance dut_uart_regfile
#         coverage save ${TESTNAME}_func_cov.ucdb -cvg -directive -assert
#      
