# End time: 23:48:11 on Apr 08,2026, Elapsed time: 0:00:02
# Errors: 0, Warnings: 2
# vsim -voptargs="+acc" work.tb_uart_regfile -classdebug -coverage -onfinish stop "+TEST=tc_09_rd_busy" -do "
#         do scripts/waveform.do
#         run -all;
#         coverage save ${TESTNAME}_code_cov.ucdb -codeAll -instance dut_uart_regfile
#         coverage save ${TESTNAME}_func_cov.ucdb -cvg -directive -assert
#      " 
# Start time: 23:48:11 on Apr 08,2026
# ** Note: (vsim-8009) Loading existing optimized design _opt2
# Loading sv_std.std
# Loading work.common_pkg_uart_regfile(fast)
# Loading work.tasks_pkg_uart_reg_file(fast)
# Loading work.cov_pkg_uart_regfile(fast)
# Loading work.tb_uart_regfile(fast)
# Loading work.uart_regfile(fast)
# Loading work.asser_uart_regfile(fast)
# 
#         do scripts/waveform.do
#         run -all
# ** Warning: (vsim-WLF-5000) WLF file currently in use: vsim.wlf
#           File in use by: mwael  Hostname: MOHAMMAD-LAPTOP  ProcessID: 20648
#           Attempting to use alternate WLF file "./wlftjv0jqv".
# ** Warning: (vsim-WLF-5001) Could not open WLF file: vsim.wlf
#           Using alternate file: ./wlftjv0jqv
# ==================================================
#  Running TEST = tc_09_rd_busy
# ==================================================
# Test name: [test_read_busy] PASS,   READ PORT: PORTA, read data of busy register = 1, uart busy = 1
# Test name: [test_read_busy] PASS,   READ PORT: PORTB, read data of busy register = 1, uart busy = 1
# Test name: [test_read_busy] PASS,   READ PORT: PORTA, read data of busy register = 0, uart busy = 0
# Test name: [test_read_busy] PASS,   READ PORT: PORTB, read data of busy register = 0, uart busy = 0
# TEST tc_09_rd_busy DONE
# ** Note: $stop    : tb/tb_uart_regfile.sv(69)
#    Time: 40 ns  Iteration: 1  Instance: /tb_uart_regfile
# Break in Module tb_uart_regfile at tb/tb_uart_regfile.sv line 69
# Stopped at tb/tb_uart_regfile.sv line 69
# 
#         coverage save ${TESTNAME}_code_cov.ucdb -codeAll -instance dut_uart_regfile
#         coverage save ${TESTNAME}_func_cov.ucdb -cvg -directive -assert
#      
