# End time: 23:48:04 on Apr 08,2026, Elapsed time: 0:00:02
# Errors: 0, Warnings: 2
# vsim -voptargs="+acc" work.tb_uart_regfile -classdebug -coverage -onfinish stop "+TEST=tc_05_raw" -do "
#         do scripts/waveform.do
#         run -all;
#         coverage save ${TESTNAME}_code_cov.ucdb -codeAll -instance dut_uart_regfile
#         coverage save ${TESTNAME}_func_cov.ucdb -cvg -directive -assert
#      " 
# Start time: 23:48:04 on Apr 08,2026
# ** Note: (vsim-8009) Loading existing optimized design _opt2
# Loading sv_std.std
# Loading work.common_pkg_uart_regfile(fast)
# Loading work.tasks_pkg_uart_reg_file(fast)
# Loading work.cov_pkg_uart_regfile(fast)
# Loading work.tb_uart_regfile(fast)
# Loading work.uart_regfile(fast)
# Loading work.asser_uart_regfile(fast)
# 
#         do scripts/waveform.do
#         run -all
# ** Warning: (vsim-WLF-5000) WLF file currently in use: vsim.wlf
#           File in use by: mwael  Hostname: MOHAMMAD-LAPTOP  ProcessID: 20648
#           Attempting to use alternate WLF file "./wlft9y1aha".
# ** Warning: (vsim-WLF-5001) Could not open WLF file: vsim.wlf
#           Using alternate file: ./wlft9y1aha
# ==================================================
#  Running TEST = tc_05_raw
# ==================================================
# Test name: [test_raw] PASS,   READ PORT: PORTA wr_addr = 0, rd_addr = 0, wr_data = 0x5e81, rd_data = 0x5e81,
# Test name: [test_raw] PASS,   READ PORT: PORTB wr_addr = 0, rd_addr = 0, wr_data = 0x5e81, rd_data = 0x5e81,
# Test name: [test_raw] PASS,   READ PORT: PORTA wr_addr = 1, rd_addr = 1, wr_data = 0x5663, rd_data = 0x5663,
# Test name: [test_raw] PASS,   READ PORT: PORTB wr_addr = 1, rd_addr = 1, wr_data = 0x5663, rd_data = 0x5663,
# Test name: [test_raw] PASS,   READ PORT: PORTA wr_addr = 1, rd_addr = 1, wr_data = 0x998d, rd_data = 0x998d,
# Test name: [test_raw] PASS,   READ PORT: PORTB wr_addr = 1, rd_addr = 1, wr_data = 0x998d, rd_data = 0x998d,
# Test name: [test_raw] PASS,   READ PORT: PORTA wr_addr = 1, rd_addr = 1, wr_data = 0x5212, rd_data = 0x5212,
# Test name: [test_raw] PASS,   READ PORT: PORTB wr_addr = 1, rd_addr = 1, wr_data = 0x5212, rd_data = 0x5212,
# Test name: [test_raw] PASS,   READ PORT: PORTA wr_addr = 1, rd_addr = 1, wr_data = 0xcd0d, rd_data = 0xcd0d,
# Test name: [test_raw] PASS,   READ PORT: PORTB wr_addr = 1, rd_addr = 1, wr_data = 0xcd0d, rd_data = 0xcd0d,
# Test name: [test_raw] PASS,   READ PORT: PORTA wr_addr = 2, rd_addr = 2, wr_data = 0xcd3d, rd_data = 0xcd3d,
# Test name: [test_raw] PASS,   READ PORT: PORTB wr_addr = 2, rd_addr = 2, wr_data = 0xcd3d, rd_data = 0xcd3d,
# Test name: [test_raw] PASS,   READ PORT: PORTA wr_addr = 1, rd_addr = 1, wr_data = 0xf78c, rd_data = 0xf78c,
# Test name: [test_raw] PASS,   READ PORT: PORTB wr_addr = 1, rd_addr = 1, wr_data = 0xf78c, rd_data = 0xf78c,
# Test name: [test_raw] PASS,   READ PORT: PORTA wr_addr = 1, rd_addr = 1, wr_data = 0x24c6, rd_data = 0x24c6,
# Test name: [test_raw] PASS,   READ PORT: PORTB wr_addr = 1, rd_addr = 1, wr_data = 0x24c6, rd_data = 0x24c6,
# Test name: [test_raw] PASS,   READ PORT: PORTA wr_addr = 1, rd_addr = 1, wr_data = 0xd2aa, rd_data = 0xd2aa,
# Test name: [test_raw] PASS,   READ PORT: PORTB wr_addr = 1, rd_addr = 1, wr_data = 0xd2aa, rd_data = 0xd2aa,
# Test name: [test_raw] PASS,   READ PORT: PORTA wr_addr = 1, rd_addr = 1, wr_data = 0x7277, rd_data = 0x7277,
# Test name: [test_raw] PASS,   READ PORT: PORTB wr_addr = 1, rd_addr = 1, wr_data = 0x7277, rd_data = 0x7277,
# TEST tc_05_raw DONE
# ** Note: $stop    : tb/tb_uart_regfile.sv(69)
#    Time: 48 ns  Iteration: 1  Instance: /tb_uart_regfile
# Break in Module tb_uart_regfile at tb/tb_uart_regfile.sv line 69
# Stopped at tb/tb_uart_regfile.sv line 69
# 
#         coverage save ${TESTNAME}_code_cov.ucdb -codeAll -instance dut_uart_regfile
#         coverage save ${TESTNAME}_func_cov.ucdb -cvg -directive -assert
#      
