# End time: 23:48:07 on Apr 08,2026, Elapsed time: 0:00:01
# Errors: 0, Warnings: 2
# vsim -voptargs="+acc" work.tb_uart_regfile -classdebug -coverage -onfinish stop "+TEST=tc_07_oob" -do "
#         do scripts/waveform.do
#         run -all;
#         coverage save ${TESTNAME}_code_cov.ucdb -codeAll -instance dut_uart_regfile
#         coverage save ${TESTNAME}_func_cov.ucdb -cvg -directive -assert
#      " 
# Start time: 23:48:07 on Apr 08,2026
# ** Note: (vsim-8009) Loading existing optimized design _opt2
# Loading sv_std.std
# Loading work.common_pkg_uart_regfile(fast)
# Loading work.tasks_pkg_uart_reg_file(fast)
# Loading work.cov_pkg_uart_regfile(fast)
# Loading work.tb_uart_regfile(fast)
# Loading work.uart_regfile(fast)
# Loading work.asser_uart_regfile(fast)
# 
#         do scripts/waveform.do
#         run -all
# ** Warning: (vsim-WLF-5000) WLF file currently in use: vsim.wlf
#           File in use by: mwael  Hostname: MOHAMMAD-LAPTOP  ProcessID: 20648
#           Attempting to use alternate WLF file "./wlftne13ak".
# ** Warning: (vsim-WLF-5001) Could not open WLF file: vsim.wlf
#           Using alternate file: ./wlftne13ak
# ==================================================
#  Running TEST = tc_07_oob
# ==================================================
# Test name: [test_write_oob] Depends on assertions
# ** Error: (vsim-8565) Illegal state bin was hit at value=3. The bin counter for the illegal bin '\/cov_pkg_uart_regfile::uart_regfile_class::uart_regfile_class__1::cvr_gp .cp_wr_addr.wr_oob' is 1.
#    Time: 16 ns  Iteration: 1  Instance: /tb_uart_regfile
# ** Error: (vsim-8565) Illegal state bin was hit at value=3. The bin counter for the illegal bin '\/cov_pkg_uart_regfile::uart_regfile_class::uart_regfile_class__1::cvr_gp .cp_rd_addr_a.rd_a_oob' is 1.
#    Time: 18 ns  Iteration: 1  Instance: /tb_uart_regfile
# Test name: [test_read_oob] PASS,   READ PORT: PORTA, Read Valid = 0
# Test name: [test_read_oob] PASS,   READ PORT: PORTB, Read Valid = 0
# ** Error: (vsim-8565) Illegal state bin was hit at value=3. The bin counter for the illegal bin '\/cov_pkg_uart_regfile::uart_regfile_class::uart_regfile_class__1::cvr_gp .cp_rd_addr_b.rd_b_oob' is 1.
#    Time: 20 ns  Iteration: 1  Instance: /tb_uart_regfile
# Test name: [test_read_oob] PASS,   READ PORT: PORTA, Read Valid = 0
# Test name: [test_read_oob] PASS,   READ PORT: PORTB, Read Valid = 0
# Test name: [test_read_oob] PASS,   READ PORT: PORTA, Read Valid = 0
# Test name: [test_read_oob] PASS,   READ PORT: PORTB, Read Valid = 0
# Test name: [test_read_oob] PASS,   READ PORT: PORTA, Read Valid = 0
# Test name: [test_read_oob] PASS,   READ PORT: PORTB, Read Valid = 0
# TEST tc_07_oob DONE
# ** Note: $stop    : tb/tb_uart_regfile.sv(69)
#    Time: 48 ns  Iteration: 1  Instance: /tb_uart_regfile
# Break in Module tb_uart_regfile at tb/tb_uart_regfile.sv line 69
# Stopped at tb/tb_uart_regfile.sv line 69
# 
#         coverage save ${TESTNAME}_code_cov.ucdb -codeAll -instance dut_uart_regfile
#         coverage save ${TESTNAME}_func_cov.ucdb -cvg -directive -assert
#      
