# vsim -voptargs="+acc" work.tb_uart_regfile -classdebug -coverage -onfinish stop "+TEST=tc_01_reset" -do "
#         do scripts/waveform.do
#         run -all;
#         coverage save ${TESTNAME}_code_cov.ucdb -codeAll -instance dut_uart_regfile
#         coverage save ${TESTNAME}_func_cov.ucdb -cvg -directive -assert
#      " 
# Start time: 23:47:53 on Apr 08,2026
# ** Note: (vsim-3813) Design is being optimized due to module recompilation...
# //  Questa Sim-64
# //  Version 2021.1 win64 Jan 19 2021
# //
# //  Copyright 1991-2021 Mentor Graphics Corporation
# //  All Rights Reserved.
# //
# //  QuestaSim and its associated documentation contain trade
# //  secrets and commercial or financial information that are the property of
# //  Mentor Graphics Corporation and are privileged, confidential,
# //  and exempt from disclosure under the Freedom of Information Act,
# //  5 U.S.C. Section 552. Furthermore, this information
# //  is prohibited from disclosure under the Trade Secrets Act,
# //  18 U.S.C. Section 1905.
# //
# Loading sv_std.std
# Loading work.common_pkg_uart_regfile(fast)
# Loading work.tasks_pkg_uart_reg_file(fast)
# Loading work.cov_pkg_uart_regfile(fast)
# Loading work.tb_uart_regfile(fast)
# Loading work.uart_regfile(fast)
# Loading work.asser_uart_regfile(fast)
# 
#         do scripts/waveform.do
#         run -all
# ** Warning: (vsim-WLF-5000) WLF file currently in use: vsim.wlf
#           File in use by: mwael  Hostname: MOHAMMAD-LAPTOP  ProcessID: 20648
#           Attempting to use alternate WLF file "./wlft4dsgr3".
# ** Warning: (vsim-WLF-5001) Could not open WLF file: vsim.wlf
#           Using alternate file: ./wlft4dsgr3
# ==================================================
#  Running TEST = tc_01_reset
# ==================================================
# Test name: [test_reset_defaults] PASS
# Test name: [test_reset_defaults] PASS
# Test name: [test_reset_defaults] PASS
# Test name: [test_reset_defaults] PASS
# Test name: [test_reset_defaults] PASS
# Test name: [test_reset_defaults] PASS
# Test name: [test_reset_defaults] PASS
# TEST tc_01_reset DONE
# ** Note: $stop    : tb/tb_uart_regfile.sv(69)
#    Time: 42 ns  Iteration: 1  Instance: /tb_uart_regfile
# Break in Module tb_uart_regfile at tb/tb_uart_regfile.sv line 69
# Stopped at tb/tb_uart_regfile.sv line 69
# 
#         coverage save ${TESTNAME}_code_cov.ucdb -codeAll -instance dut_uart_regfile
#         coverage save ${TESTNAME}_func_cov.ucdb -cvg -directive -assert
#      
